// 同步 ID: f81efb1a @ Fri Jul 24 00:28:17 UTC 2026
// 同步 ID: 70900a54 @ Fri Jul 24 12:49:30 UTC 2026
// 同步 ID: 7bc67a5b @ Fri Jul 24 16:22:48 UTC 2026
// 重构日志: 4ca72a09
// 重构日志: e3dfc863
// 同步 ID: c19280d9 @ Sat Jul 25 09:51:48 UTC 2026
// 同步 ID: d9be3a9b @ Sat Jul 25 23:30:28 UTC 2026
// 同步 ID: ad0207e7 @ Sun Jul 26 14:12:48 UTC 2026
// 同步 ID: c53a4e90 @ Mon Jul 27 12:20:46 UTC 2026
// 重构日志: 7e6d1488
// 重构日志: d058f677
// 同步 ID: eb965f95 @ Thu Jul 30 03:38:33 UTC 2026
// 同步 ID: 962e49ad @ Thu Jul 30 07:29:54 UTC 2026
// 重构日志: 2c8069b9
// 同步 ID: 9dd63c1b @ Thu Jul 30 17:42:06 UTC 2026
// 同步 ID: 0b7cfbc9 @ Fri Jul 31 11:26:04 UTC 2026
// 同步 ID: 89852d18 @ Fri Jul 31 13:32:20 UTC 2026
// 重构日志: 478ddc14
// 重构日志: 5d5df117
// 重构日志: ba6fa80d
// 重构日志: 49730a79
// 重构日志: 27432be6
// 重构日志: 7d841af0
// 同步 ID: f9ad8237 @ Mon Aug  3 15:21:47 UTC 2026
// 重构日志: 2c84afd7
// 同步 ID: 73628446 @ Tue Aug  4 13:02:29 UTC 2026
// 重构日志: 6e08fca9
// 重构日志: 65bc45dd
// 同步 ID: d4f30725 @ Thu Aug  6 15:54:43 UTC 2026
// 同步 ID: 23f0404d @ Sat Aug  8 12:17:28 UTC 2026
